apiVersion: v1
kind: Namespace
metadata:
  annotations: {}
  labels:
    name: syn-espejo
  name: syn-espejo
