apiVersion: rbac.authorization.k8s.io/v1
kind: ClusterRole
metadata:
  annotations: {}
  labels:
    name: syn-espejo
  name: syn-espejo
rules:
  - apiGroups:
      - ''
    resources:
      - namespaces
      - namespaces/status
    verbs:
      - get
      - list
      - watch
  - apiGroups:
      - sync.appuio.ch
    resources:
      - '*'
    verbs:
      - '*'
  - apiGroups:
      - ''
    resources:
      - services
      - endpoints
      - events
      - configmaps
      - secrets
      - pods
      - resourcequotas
    verbs:
      - '*'
  - apiGroups:
      - networking.k8s.io
    resources:
      - networkpolicies
    verbs:
      - '*'
  - apiGroups:
      - extensions
    resources:
      - networkpolicies
    verbs:
      - '*'
  - apiGroups:
      - coordination.k8s.io
    resources:
      - leases
    verbs:
      - '*'
  - apiGroups:
      - cilium.io
    resources:
      - ciliumnetworkpolicies
    verbs:
      - '*'
---
apiVersion: v1
kind: ServiceAccount
metadata:
  annotations: {}
  labels:
    name: espejo
  name: espejo
  namespace: syn-espejo
---
apiVersion: rbac.authorization.k8s.io/v1
kind: ClusterRoleBinding
metadata:
  annotations: {}
  labels:
    name: syn-espejo
  name: syn-espejo
roleRef:
  apiGroup: rbac.authorization.k8s.io
  kind: ClusterRole
  name: syn-espejo
subjects:
  - kind: ServiceAccount
    name: espejo
    namespace: syn-espejo
